// Jest Snapshot v1, https://goo.gl/fbAQLP

exports[`iconst 3 1`] = `
Array [
  Object {
    "mnemonic": "iconst",
    "operands": Array [
      3,
    ],
  },
]
`;
